2025-02-07T15:27:00+07:00 | ERROR | repo=esp-idf | pid=9956 | action=pull | latency=44ms
2025-12-14T09:16:00+07:00 | INFO  | repo=esp-idf | pid=9956 | action=push
2025-03-18T15:20:00+07:00 | WARN  | repo=esp-idf | pid=9956 | action=push
2025-05-04T17:29:00+07:00 | WARN  | repo=esp-idf | pid=9956 | action=pull | latency=111ms
2025-11-20T14:35:00+07:00 | INFO  | repo=esp-idf | pid=9956 | action=push
2025-06-02T21:39:00+07:00 | DEBUG | repo=esp-idf | pid=9956 | action=commit
2025-11-01T18:04:00+07:00 | WARN  | repo=esp-idf | pid=9956 | action=push
2025-08-01T07:22:00+07:00 | DEBUG | repo=esp-idf | pid=9956 | action=push
2025-03-10 13:57:00 | INFO | repo=esp-idf | action=commit
2025-06-26 09:43:00 | DEBUG | repo=esp-idf | action=edit | files=5
2025-08-23 07:13:00 | WARN | repo=esp-idf | action=commit
2025-10-13 16:14:00 | DEBUG | repo=esp-idf | action=commit
2025-06-10 20:35:00 | DEBUG | repo=esp-idf | action=commit
2025-05-16 18:13:00 | DEBUG | repo=esp-idf | action=commit
2025-03-26 11:03:00 | WARN | repo=esp-idf | action=commit
2025-10-05 09:45:00 | INFO | repo=esp-idf | action=pull
2025-01-27 18:19:00 | INFO | repo=esp-idf | action=edit | files=2
2025-11-13 20:31:00 | WARN | repo=esp-idf | action=commit
2025-02-03 11:29:00 | WARN | repo=esp-idf | action=commit
2025-03-05 19:43:00 | WARN | repo=esp-idf | action=pull
2025-06-09 08:58:00 | INFO | repo=esp-idf | action=commit
2025-11-15 17:03:00 | DEBUG | repo=esp-idf | action=commit
2025-02-26 20:20:00 | INFO | repo=esp-idf | action=pull
2025-07-05 21:00:00 | INFO | repo=esp-idf | action=commit
2025-06-06 16:29:00 | INFO | repo=esp-idf | action=commit
2025-05-07 09:54:00 | INFO | repo=esp-idf | action=commit
2025-10-28 11:04:00 | DEBUG | repo=esp-idf | action=test | passed=true
2025-03-27 09:31:00 | WARN | repo=esp-idf | action=test | passed=true
2025-10-16 12:37:00 | INFO | repo=esp-idf | action=test | passed=true
2025-11-28 09:07:00 | DEBUG | repo=esp-idf | action=commit
2025-03-01 08:44:00 | INFO | repo=esp-idf | action=commit
2025-08-12 08:28:00 | WARN | repo=esp-idf | action=test | passed=true
2025-02-26 13:21:00 | INFO | repo=esp-idf | action=commit
